// Jest Snapshot v1, https://goo.gl/fbAQLP

exports[`rendering component ListViewApp 1`] = `
<View
  style={
    Object {
      "flex": 1,
      "justifyContent": "center",
      "paddingHorizontal": 10,
    }
  }
>
  <RCTScrollView
    dataSource={
      ListViewDataSource {
        "items": "unknown",
      }
    }
    enableEmptySections={true}
    renderRow={[Function]}
    renderScrollComponent={[Function]}
  >
    <View />
  </RCTScrollView>
  <View
    accessibilityComponentType={undefined}
    accessibilityLabel={undefined}
    accessibilityTraits={undefined}
    accessible={true}
    collapsable={undefined}
    hasTVPreferredFocus={undefined}
    hitSlop={undefined}
    isTVSelectable={true}
    nativeID={undefined}
    onLayout={undefined}
    onResponderGrant={[Function]}
    onResponderMove={[Function]}
    onResponderRelease={[Function]}
    onResponderTerminate={[Function]}
    onResponderTerminationRequest={[Function]}
    onStartShouldSetResponder={[Function]}
    style={
      Object {
        "alignItems": "center",
        "backgroundColor": "#DDDDDD",
        "opacity": 1,
        "padding": 10,
      }
    }
    testID={undefined}
    tvParallaxProperties={undefined}
  >
    <Text
      accessible={true}
      allowFontScaling={true}
      ellipsizeMode="tail"
    >
       Load More 
    </Text>
  </View>
</View>
`;
